[0.083s] [34mcolcon[0m [1;30mDEBUG[0m [32mCommand line arguments: ['/Users/carlofiammenghi/Desktop/2nd_semester/robotics/projects/ros/my_ros2_project/.pixi/envs/default/bin/colcon', 'build', '--packages-select', 'room_explorer', '--symlink-install'][0m
[0.083s] [34mcolcon[0m [1;30mDEBUG[0m [32mParsed command line arguments: Namespace(log_base=None, log_level=None, verb_name='build', build_base='build', install_base='install', merge_install=False, symlink_install=True, test_result_base=None, continue_on_error=False, executor='parallel', parallel_workers=14, event_handlers=None, ignore_user_meta=False, metas=['./colcon.meta'], base_paths=['.'], packages_ignore=None, packages_ignore_regex=None, paths=None, packages_up_to=None, packages_up_to_regex=None, packages_above=None, packages_above_and_dependencies=None, packages_above_depth=None, packages_select_by_dep=None, packages_skip_by_dep=None, packages_skip_up_to=None, packages_select_build_failed=False, packages_skip_build_finished=False, packages_select_test_failures=False, packages_skip_test_passed=False, packages_select=['room_explorer'], packages_skip=None, packages_select_regex=None, packages_skip_regex=None, packages_start=None, packages_end=None, cmake_args=None, cmake_target=None, cmake_target_skip_unavailable=False, cmake_clean_cache=False, cmake_clean_first=False, cmake_force_configure=False, ament_cmake_args=None, catkin_cmake_args=None, catkin_skip_building_tests=False, verb_parser=<colcon_defaults.argument_parser.defaults.DefaultArgumentsDecorator object at 0x102158220>, verb_extension=<colcon_core.verb.build.BuildVerb object at 0x102021510>, main=<bound method BuildVerb.main of <colcon_core.verb.build.BuildVerb object at 0x102021510>>)[0m
[0.163s] [34mcolcon.colcon_core.package_discovery[0m [1;30mLevel 1[0m discover_packages(colcon_meta) check parameters
[0.164s] [34mcolcon.colcon_core.package_discovery[0m [1;30mLevel 1[0m discover_packages(recursive) check parameters
[0.164s] [34mcolcon.colcon_core.package_discovery[0m [1;30mLevel 1[0m discover_packages(ignore) check parameters
[0.164s] [34mcolcon.colcon_core.package_discovery[0m [1;30mLevel 1[0m discover_packages(path) check parameters
[0.164s] [34mcolcon.colcon_core.package_discovery[0m [1;30mLevel 1[0m discover_packages(colcon_meta) discover
[0.164s] [34mcolcon.colcon_core.package_discovery[0m [1;30mLevel 1[0m discover_packages(recursive) discover
[0.164s] [34mcolcon.colcon_core.package_discovery[0m [1;30mINFO[0m Crawling recursively for packages in '/Users/carlofiammenghi/Desktop/2nd_semester/robotics/projects/ros/my_ros2_project/src/room_explorer'
[0.164s] [34mcolcon.colcon_core.package_identification[0m [1;30mLevel 1[0m _identify(.) by extensions ['ignore', 'ignore_ament_install']
[0.164s] [34mcolcon.colcon_core.package_identification[0m [1;30mLevel 1[0m _identify(.) by extension 'ignore'
[0.164s] [34mcolcon.colcon_core.package_identification[0m [1;30mLevel 1[0m _identify(.) by extension 'ignore_ament_install'
[0.164s] [34mcolcon.colcon_core.package_identification[0m [1;30mLevel 1[0m _identify(.) by extensions ['colcon_pkg']
[0.164s] [34mcolcon.colcon_core.package_identification[0m [1;30mLevel 1[0m _identify(.) by extension 'colcon_pkg'
[0.164s] [34mcolcon.colcon_core.package_identification[0m [1;30mLevel 1[0m _identify(.) by extensions ['colcon_meta']
[0.164s] [34mcolcon.colcon_core.package_identification[0m [1;30mLevel 1[0m _identify(.) by extension 'colcon_meta'
[0.164s] [34mcolcon.colcon_core.package_identification[0m [1;30mLevel 1[0m _identify(.) by extensions ['ros']
[0.164s] [34mcolcon.colcon_core.package_identification[0m [1;30mLevel 1[0m _identify(.) by extension 'ros'
[0.182s] [34mcolcon.colcon_core.package_identification[0m [1;30mDEBUG[0m [32mPackage '.' with type 'ros.ament_python' and name 'room_explorer'[0m
[0.182s] [34mcolcon.colcon_core.package_discovery[0m [1;30mLevel 1[0m discover_packages(recursive) using defaults
[0.182s] [34mcolcon.colcon_core.package_discovery[0m [1;30mLevel 1[0m discover_packages(ignore) discover
[0.182s] [34mcolcon.colcon_core.package_discovery[0m [1;30mLevel 1[0m discover_packages(ignore) using defaults
[0.182s] [34mcolcon.colcon_core.package_discovery[0m [1;30mLevel 1[0m discover_packages(path) discover
[0.182s] [34mcolcon.colcon_core.package_discovery[0m [1;30mLevel 1[0m discover_packages(path) using defaults
[0.190s] [34mcolcon.colcon_core.verb[0m [1;30mLevel 5[0m set package 'room_explorer' build argument 'cmake_args' from command line to 'None'
[0.191s] [34mcolcon.colcon_core.verb[0m [1;30mLevel 5[0m set package 'room_explorer' build argument 'cmake_target' from command line to 'None'
[0.191s] [34mcolcon.colcon_core.verb[0m [1;30mLevel 5[0m set package 'room_explorer' build argument 'cmake_target_skip_unavailable' from command line to 'False'
[0.191s] [34mcolcon.colcon_core.verb[0m [1;30mLevel 5[0m set package 'room_explorer' build argument 'cmake_clean_cache' from command line to 'False'
[0.191s] [34mcolcon.colcon_core.verb[0m [1;30mLevel 5[0m set package 'room_explorer' build argument 'cmake_clean_first' from command line to 'False'
[0.191s] [34mcolcon.colcon_core.verb[0m [1;30mLevel 5[0m set package 'room_explorer' build argument 'cmake_force_configure' from command line to 'False'
[0.191s] [34mcolcon.colcon_core.verb[0m [1;30mLevel 5[0m set package 'room_explorer' build argument 'ament_cmake_args' from command line to 'None'
[0.191s] [34mcolcon.colcon_core.verb[0m [1;30mLevel 5[0m set package 'room_explorer' build argument 'catkin_cmake_args' from command line to 'None'
[0.191s] [34mcolcon.colcon_core.verb[0m [1;30mLevel 5[0m set package 'room_explorer' build argument 'catkin_skip_building_tests' from command line to 'False'
[0.191s] [34mcolcon.colcon_core.verb[0m [1;30mDEBUG[0m [32mBuilding package 'room_explorer' with the following arguments: {'ament_cmake_args': None, 'build_base': '/Users/carlofiammenghi/Desktop/2nd_semester/robotics/projects/ros/my_ros2_project/src/room_explorer/build/room_explorer', 'catkin_cmake_args': None, 'catkin_skip_building_tests': False, 'cmake_args': None, 'cmake_clean_cache': False, 'cmake_clean_first': False, 'cmake_force_configure': False, 'cmake_target': None, 'cmake_target_skip_unavailable': False, 'install_base': '/Users/carlofiammenghi/Desktop/2nd_semester/robotics/projects/ros/my_ros2_project/src/room_explorer/install/room_explorer', 'merge_install': False, 'path': '/Users/carlofiammenghi/Desktop/2nd_semester/robotics/projects/ros/my_ros2_project/src/room_explorer', 'symlink_install': True, 'test_result_base': None}[0m
[0.191s] [34mcolcon.colcon_core.executor[0m [1;30mINFO[0m Executing jobs using 'parallel' executor
[0.191s] [34mcolcon.colcon_parallel_executor.executor.parallel[0m [1;30mDEBUG[0m [32mrun_until_complete[0m
[0.191s] [34mcolcon.colcon_ros.task.ament_python.build[0m [1;30mINFO[0m Building ROS package in '/Users/carlofiammenghi/Desktop/2nd_semester/robotics/projects/ros/my_ros2_project/src/room_explorer' with build type 'ament_python'
[0.191s] [34mcolcon.colcon_core.shell[0m [1;30mLevel 1[0m create_environment_hook('room_explorer', 'ament_prefix_path')
[0.192s] [34mcolcon.colcon_core.plugin_system[0m [1;30mINFO[0m Skipping extension 'colcon_core.shell.bat': Not used on non-Windows systems
[0.192s] [34mcolcon.colcon_core.shell[0m [1;30mINFO[0m Creating environment hook '/Users/carlofiammenghi/Desktop/2nd_semester/robotics/projects/ros/my_ros2_project/src/room_explorer/install/room_explorer/share/room_explorer/hook/ament_prefix_path.ps1'
[0.193s] [34mcolcon.colcon_core.shell[0m [1;30mINFO[0m Creating environment descriptor '/Users/carlofiammenghi/Desktop/2nd_semester/robotics/projects/ros/my_ros2_project/src/room_explorer/install/room_explorer/share/room_explorer/hook/ament_prefix_path.dsv'
[0.193s] [34mcolcon.colcon_core.shell[0m [1;30mINFO[0m Creating environment hook '/Users/carlofiammenghi/Desktop/2nd_semester/robotics/projects/ros/my_ros2_project/src/room_explorer/install/room_explorer/share/room_explorer/hook/ament_prefix_path.sh'
[0.193s] [34mcolcon.colcon_core.shell[0m [1;30mINFO[0m Skip shell extension 'powershell' for command environment: Not usable outside of PowerShell
[0.193s] [34mcolcon.colcon_core.shell[0m [1;30mDEBUG[0m [32mSkip shell extension 'dsv' for command environment[0m
[0.530s] [34mcolcon.colcon_core.task.python.build[0m [1;30mINFO[0m Building Python package in '/Users/carlofiammenghi/Desktop/2nd_semester/robotics/projects/ros/my_ros2_project/src/room_explorer'
[0.530s] [34mcolcon.colcon_core.shell[0m [1;30mINFO[0m Skip shell extension 'powershell' for command environment: Not usable outside of PowerShell
[0.530s] [34mcolcon.colcon_core.shell[0m [1;30mDEBUG[0m [32mSkip shell extension 'dsv' for command environment[0m
[1.071s] [34mcolcon.colcon_core.event_handler.log_command[0m [1;30mDEBUG[0m [32mInvoking command in '/Users/carlofiammenghi/Desktop/2nd_semester/robotics/projects/ros/my_ros2_project/src/room_explorer/build/room_explorer': CONDA_PROMPT_MODIFIER=(base) PIXI_PROMPT=(my_ros2_project) PYTHONPATH=/Users/carlofiammenghi/Desktop/2nd_semester/robotics/projects/ros/my_ros2_project/src/room_explorer/build/room_explorer/prefix_override:/Users/carlofiammenghi/Desktop/2nd_semester/robotics/projects/ros/my_ros2_project/.pixi/envs/default/lib/python3.10/site-packages/colcon_core/task/python/colcon_distutils_commands:/Users/carlofiammenghi/Desktop/2nd_semester/robotics/projects/ros/my_ros2_project/src/room_explorer/install/room_explorer/lib/python3.10/site-packages:${PYTHONPATH} SHLVL=3 _=/usr/bin/env /Users/carlofiammenghi/Desktop/2nd_semester/robotics/projects/ros/my_ros2_project/.pixi/envs/default/bin/python3.10 -W ignore:setup.py install is deprecated -W ignore:easy_install command is deprecated setup.py develop --editable --build-directory /Users/carlofiammenghi/Desktop/2nd_semester/robotics/projects/ros/my_ros2_project/src/room_explorer/build/room_explorer/build --no-deps symlink_data[0m
[2.080s] [34mcolcon.colcon_core.shell[0m [1;30mLevel 1[0m create_environment_hook('room_explorer', 'pythonpath_develop')
[2.080s] [34mcolcon.colcon_core.shell[0m [1;30mINFO[0m Creating environment hook '/Users/carlofiammenghi/Desktop/2nd_semester/robotics/projects/ros/my_ros2_project/src/room_explorer/build/room_explorer/share/room_explorer/hook/pythonpath_develop.ps1'
[2.080s] [34mcolcon.colcon_core.event_handler.log_command[0m [1;30mDEBUG[0m [32mInvoked command in '/Users/carlofiammenghi/Desktop/2nd_semester/robotics/projects/ros/my_ros2_project/src/room_explorer/build/room_explorer' returned '0': CONDA_PROMPT_MODIFIER=(base) PIXI_PROMPT=(my_ros2_project) PYTHONPATH=/Users/carlofiammenghi/Desktop/2nd_semester/robotics/projects/ros/my_ros2_project/src/room_explorer/build/room_explorer/prefix_override:/Users/carlofiammenghi/Desktop/2nd_semester/robotics/projects/ros/my_ros2_project/.pixi/envs/default/lib/python3.10/site-packages/colcon_core/task/python/colcon_distutils_commands:/Users/carlofiammenghi/Desktop/2nd_semester/robotics/projects/ros/my_ros2_project/src/room_explorer/install/room_explorer/lib/python3.10/site-packages:${PYTHONPATH} SHLVL=3 _=/usr/bin/env /Users/carlofiammenghi/Desktop/2nd_semester/robotics/projects/ros/my_ros2_project/.pixi/envs/default/bin/python3.10 -W ignore:setup.py install is deprecated -W ignore:easy_install command is deprecated setup.py develop --editable --build-directory /Users/carlofiammenghi/Desktop/2nd_semester/robotics/projects/ros/my_ros2_project/src/room_explorer/build/room_explorer/build --no-deps symlink_data[0m
[2.081s] [34mcolcon.colcon_core.shell[0m [1;30mINFO[0m Creating environment descriptor '/Users/carlofiammenghi/Desktop/2nd_semester/robotics/projects/ros/my_ros2_project/src/room_explorer/build/room_explorer/share/room_explorer/hook/pythonpath_develop.dsv'
[2.081s] [34mcolcon.colcon_core.shell[0m [1;30mINFO[0m Creating environment hook '/Users/carlofiammenghi/Desktop/2nd_semester/robotics/projects/ros/my_ros2_project/src/room_explorer/build/room_explorer/share/room_explorer/hook/pythonpath_develop.sh'
[2.084s] [34mcolcon.colcon_core.environment[0m [1;30mLevel 1[0m checking '/Users/carlofiammenghi/Desktop/2nd_semester/robotics/projects/ros/my_ros2_project/src/room_explorer/install/room_explorer' for CMake module files
[2.085s] [34mcolcon.colcon_core.environment[0m [1;30mLevel 1[0m checking '/Users/carlofiammenghi/Desktop/2nd_semester/robotics/projects/ros/my_ros2_project/src/room_explorer/install/room_explorer' for CMake config files
[2.085s] [34mcolcon.colcon_core.environment[0m [1;30mLevel 1[0m checking '/Users/carlofiammenghi/Desktop/2nd_semester/robotics/projects/ros/my_ros2_project/src/room_explorer/install/room_explorer/lib'
[2.085s] [34mcolcon.colcon_core.environment[0m [1;30mLevel 1[0m checking '/Users/carlofiammenghi/Desktop/2nd_semester/robotics/projects/ros/my_ros2_project/src/room_explorer/install/room_explorer/bin'
[2.085s] [34mcolcon.colcon_core.environment[0m [1;30mLevel 1[0m checking '/Users/carlofiammenghi/Desktop/2nd_semester/robotics/projects/ros/my_ros2_project/src/room_explorer/install/room_explorer/lib/pkgconfig/room_explorer.pc'
[2.086s] [34mcolcon.colcon_core.environment[0m [1;30mLevel 1[0m checking '/Users/carlofiammenghi/Desktop/2nd_semester/robotics/projects/ros/my_ros2_project/src/room_explorer/install/room_explorer/lib/python3.10/site-packages'
[2.086s] [34mcolcon.colcon_core.shell[0m [1;30mLevel 1[0m create_environment_hook('room_explorer', 'pythonpath')
[2.086s] [34mcolcon.colcon_core.shell[0m [1;30mINFO[0m Creating environment hook '/Users/carlofiammenghi/Desktop/2nd_semester/robotics/projects/ros/my_ros2_project/src/room_explorer/install/room_explorer/share/room_explorer/hook/pythonpath.ps1'
[2.086s] [34mcolcon.colcon_core.shell[0m [1;30mINFO[0m Creating environment descriptor '/Users/carlofiammenghi/Desktop/2nd_semester/robotics/projects/ros/my_ros2_project/src/room_explorer/install/room_explorer/share/room_explorer/hook/pythonpath.dsv'
[2.086s] [34mcolcon.colcon_core.shell[0m [1;30mINFO[0m Creating environment hook '/Users/carlofiammenghi/Desktop/2nd_semester/robotics/projects/ros/my_ros2_project/src/room_explorer/install/room_explorer/share/room_explorer/hook/pythonpath.sh'
[2.087s] [34mcolcon.colcon_core.environment[0m [1;30mLevel 1[0m checking '/Users/carlofiammenghi/Desktop/2nd_semester/robotics/projects/ros/my_ros2_project/src/room_explorer/install/room_explorer/bin'
[2.087s] [34mcolcon.colcon_core.environment[0m [1;30mLevel 1[0m create_environment_scripts_only(room_explorer)
[2.087s] [34mcolcon.colcon_core.shell[0m [1;30mINFO[0m Creating package script '/Users/carlofiammenghi/Desktop/2nd_semester/robotics/projects/ros/my_ros2_project/src/room_explorer/install/room_explorer/share/room_explorer/package.ps1'
[2.088s] [34mcolcon.colcon_core.shell[0m [1;30mINFO[0m Creating package descriptor '/Users/carlofiammenghi/Desktop/2nd_semester/robotics/projects/ros/my_ros2_project/src/room_explorer/install/room_explorer/share/room_explorer/package.dsv'
[2.088s] [34mcolcon.colcon_core.shell[0m [1;30mINFO[0m Creating package script '/Users/carlofiammenghi/Desktop/2nd_semester/robotics/projects/ros/my_ros2_project/src/room_explorer/install/room_explorer/share/room_explorer/package.sh'
[2.089s] [34mcolcon.colcon_core.shell[0m [1;30mINFO[0m Creating package script '/Users/carlofiammenghi/Desktop/2nd_semester/robotics/projects/ros/my_ros2_project/src/room_explorer/install/room_explorer/share/room_explorer/package.bash'
[2.089s] [34mcolcon.colcon_core.shell[0m [1;30mINFO[0m Creating package script '/Users/carlofiammenghi/Desktop/2nd_semester/robotics/projects/ros/my_ros2_project/src/room_explorer/install/room_explorer/share/room_explorer/package.zsh'
[2.089s] [34mcolcon.colcon_core.environment[0m [1;30mLevel 1[0m create_file_with_runtime_dependencies(/Users/carlofiammenghi/Desktop/2nd_semester/robotics/projects/ros/my_ros2_project/src/room_explorer/install/room_explorer/share/colcon-core/packages/room_explorer)
[2.090s] [34mcolcon.colcon_parallel_executor.executor.parallel[0m [1;30mDEBUG[0m [32mclosing loop[0m
[2.090s] [34mcolcon.colcon_parallel_executor.executor.parallel[0m [1;30mDEBUG[0m [32mloop closed[0m
[2.090s] [34mcolcon.colcon_parallel_executor.executor.parallel[0m [1;30mDEBUG[0m [32mrun_until_complete finished with '0'[0m
[2.090s] [34mcolcon.colcon_core.event_reactor[0m [1;30mDEBUG[0m [32mjoining thread[0m
[2.090s] [34mcolcon.colcon_core.event_reactor[0m [1;30mDEBUG[0m [32mjoined thread[0m
[2.090s] [34mcolcon.colcon_core.shell[0m [1;30mINFO[0m Creating prefix script '/Users/carlofiammenghi/Desktop/2nd_semester/robotics/projects/ros/my_ros2_project/src/room_explorer/install/local_setup.ps1'
[2.091s] [34mcolcon.colcon_core.shell[0m [1;30mINFO[0m Creating prefix util module '/Users/carlofiammenghi/Desktop/2nd_semester/robotics/projects/ros/my_ros2_project/src/room_explorer/install/_local_setup_util_ps1.py'
[2.091s] [34mcolcon.colcon_core.shell[0m [1;30mINFO[0m Creating prefix chain script '/Users/carlofiammenghi/Desktop/2nd_semester/robotics/projects/ros/my_ros2_project/src/room_explorer/install/setup.ps1'
[2.092s] [34mcolcon.colcon_core.shell[0m [1;30mINFO[0m Creating prefix script '/Users/carlofiammenghi/Desktop/2nd_semester/robotics/projects/ros/my_ros2_project/src/room_explorer/install/local_setup.sh'
[2.092s] [34mcolcon.colcon_core.shell[0m [1;30mINFO[0m Creating prefix util module '/Users/carlofiammenghi/Desktop/2nd_semester/robotics/projects/ros/my_ros2_project/src/room_explorer/install/_local_setup_util_sh.py'
[2.093s] [34mcolcon.colcon_core.shell[0m [1;30mINFO[0m Creating prefix chain script '/Users/carlofiammenghi/Desktop/2nd_semester/robotics/projects/ros/my_ros2_project/src/room_explorer/install/setup.sh'
[2.093s] [34mcolcon.colcon_core.shell[0m [1;30mINFO[0m Creating prefix script '/Users/carlofiammenghi/Desktop/2nd_semester/robotics/projects/ros/my_ros2_project/src/room_explorer/install/local_setup.bash'
[2.094s] [34mcolcon.colcon_core.shell[0m [1;30mINFO[0m Creating prefix chain script '/Users/carlofiammenghi/Desktop/2nd_semester/robotics/projects/ros/my_ros2_project/src/room_explorer/install/setup.bash'
[2.094s] [34mcolcon.colcon_core.shell[0m [1;30mINFO[0m Creating prefix script '/Users/carlofiammenghi/Desktop/2nd_semester/robotics/projects/ros/my_ros2_project/src/room_explorer/install/local_setup.zsh'
[2.094s] [34mcolcon.colcon_core.shell[0m [1;30mINFO[0m Creating prefix chain script '/Users/carlofiammenghi/Desktop/2nd_semester/robotics/projects/ros/my_ros2_project/src/room_explorer/install/setup.zsh'
