running develop
running egg_info
creating room_explorer.egg-info
writing room_explorer.egg-info/PKG-INFO
writing dependency_links to room_explorer.egg-info/dependency_links.txt
writing entry points to room_explorer.egg-info/entry_points.txt
writing requirements to room_explorer.egg-info/requires.txt
writing top-level names to room_explorer.egg-info/top_level.txt
writing manifest file 'room_explorer.egg-info/SOURCES.txt'
reading manifest file 'room_explorer.egg-info/SOURCES.txt'
writing manifest file 'room_explorer.egg-info/SOURCES.txt'
running build_ext
Creating /Users/carlofiammenghi/Desktop/2nd_semester/robotics/projects/ros/my_ros2_project/src/room_explorer/install/room_explorer/lib/python3.10/site-packages/room-explorer.egg-link (link to .)
Installing connect script to /Users/carlofiammenghi/Desktop/2nd_semester/robotics/projects/ros/my_ros2_project/src/room_explorer/install/room_explorer/lib/room_explorer
Installing coppeliasim_odom script to /Users/carlofiammenghi/Desktop/2nd_semester/robotics/projects/ros/my_ros2_project/src/room_explorer/install/room_explorer/lib/room_explorer
Installing discover script to /Users/carlofiammenghi/Desktop/2nd_semester/robotics/projects/ros/my_ros2_project/src/room_explorer/install/room_explorer/lib/room_explorer
Installing display_battery script to /Users/carlofiammenghi/Desktop/2nd_semester/robotics/projects/ros/my_ros2_project/src/room_explorer/install/room_explorer/lib/room_explorer
Installing h264_decoder script to /Users/carlofiammenghi/Desktop/2nd_semester/robotics/projects/ros/my_ros2_project/src/room_explorer/install/room_explorer/lib/room_explorer
Installing lidar_bridge script to /Users/carlofiammenghi/Desktop/2nd_semester/robotics/projects/ros/my_ros2_project/src/room_explorer/install/room_explorer/lib/room_explorer
Installing play_audio script to /Users/carlofiammenghi/Desktop/2nd_semester/robotics/projects/ros/my_ros2_project/src/room_explorer/install/room_explorer/lib/room_explorer
Installing play_opus script to /Users/carlofiammenghi/Desktop/2nd_semester/robotics/projects/ros/my_ros2_project/src/room_explorer/install/room_explorer/lib/room_explorer
Installing robomaster_driver script to /Users/carlofiammenghi/Desktop/2nd_semester/robotics/projects/ros/my_ros2_project/src/room_explorer/install/room_explorer/lib/room_explorer
Installing room_explorer_node script to /Users/carlofiammenghi/Desktop/2nd_semester/robotics/projects/ros/my_ros2_project/src/room_explorer/install/room_explorer/lib/room_explorer

Installed /Users/carlofiammenghi/Desktop/2nd_semester/robotics/projects/ros/my_ros2_project/src/room_explorer/build/room_explorer
running symlink_data
creating /Users/carlofiammenghi/Desktop/2nd_semester/robotics/projects/ros/my_ros2_project/src/room_explorer/install/room_explorer/share/ament_index
creating /Users/carlofiammenghi/Desktop/2nd_semester/robotics/projects/ros/my_ros2_project/src/room_explorer/install/room_explorer/share/ament_index/resource_index
creating /Users/carlofiammenghi/Desktop/2nd_semester/robotics/projects/ros/my_ros2_project/src/room_explorer/install/room_explorer/share/ament_index/resource_index/packages
symbolically linking /Users/carlofiammenghi/Desktop/2nd_semester/robotics/projects/ros/my_ros2_project/src/room_explorer/build/room_explorer/resource/room_explorer -> /Users/carlofiammenghi/Desktop/2nd_semester/robotics/projects/ros/my_ros2_project/src/room_explorer/install/room_explorer/share/ament_index/resource_index/packages
symbolically linking /Users/carlofiammenghi/Desktop/2nd_semester/robotics/projects/ros/my_ros2_project/src/room_explorer/build/room_explorer/package.xml -> /Users/carlofiammenghi/Desktop/2nd_semester/robotics/projects/ros/my_ros2_project/src/room_explorer/install/room_explorer/share/room_explorer
creating /Users/carlofiammenghi/Desktop/2nd_semester/robotics/projects/ros/my_ros2_project/src/room_explorer/install/room_explorer/share/room_explorer/launch
symbolically linking /Users/carlofiammenghi/Desktop/2nd_semester/robotics/projects/ros/my_ros2_project/src/room_explorer/build/room_explorer/launch/ep_nav2.launch.py -> /Users/carlofiammenghi/Desktop/2nd_semester/robotics/projects/ros/my_ros2_project/src/room_explorer/install/room_explorer/share/room_explorer/launch
symbolically linking /Users/carlofiammenghi/Desktop/2nd_semester/robotics/projects/ros/my_ros2_project/src/room_explorer/build/room_explorer/launch/teleop.launch -> /Users/carlofiammenghi/Desktop/2nd_semester/robotics/projects/ros/my_ros2_project/src/room_explorer/install/room_explorer/share/room_explorer/launch
symbolically linking /Users/carlofiammenghi/Desktop/2nd_semester/robotics/projects/ros/my_ros2_project/src/room_explorer/build/room_explorer/launch/ep.launch -> /Users/carlofiammenghi/Desktop/2nd_semester/robotics/projects/ros/my_ros2_project/src/room_explorer/install/room_explorer/share/room_explorer/launch
symbolically linking /Users/carlofiammenghi/Desktop/2nd_semester/robotics/projects/ros/my_ros2_project/src/room_explorer/build/room_explorer/launch/ep_tof.launch.xml -> /Users/carlofiammenghi/Desktop/2nd_semester/robotics/projects/ros/my_ros2_project/src/room_explorer/install/room_explorer/share/room_explorer/launch
symbolically linking /Users/carlofiammenghi/Desktop/2nd_semester/robotics/projects/ros/my_ros2_project/src/room_explorer/build/room_explorer/launch/ep_lidar_mapping.launch.py -> /Users/carlofiammenghi/Desktop/2nd_semester/robotics/projects/ros/my_ros2_project/src/room_explorer/install/room_explorer/share/room_explorer/launch
symbolically linking /Users/carlofiammenghi/Desktop/2nd_semester/robotics/projects/ros/my_ros2_project/src/room_explorer/build/room_explorer/launch/mapping_ema.launch.py -> /Users/carlofiammenghi/Desktop/2nd_semester/robotics/projects/ros/my_ros2_project/src/room_explorer/install/room_explorer/share/room_explorer/launch
symbolically linking /Users/carlofiammenghi/Desktop/2nd_semester/robotics/projects/ros/my_ros2_project/src/room_explorer/build/room_explorer/launch/decoder.launch -> /Users/carlofiammenghi/Desktop/2nd_semester/robotics/projects/ros/my_ros2_project/src/room_explorer/install/room_explorer/share/room_explorer/launch
symbolically linking /Users/carlofiammenghi/Desktop/2nd_semester/robotics/projects/ros/my_ros2_project/src/room_explorer/build/room_explorer/launch/camera.launch -> /Users/carlofiammenghi/Desktop/2nd_semester/robotics/projects/ros/my_ros2_project/src/room_explorer/install/room_explorer/share/room_explorer/launch
symbolically linking /Users/carlofiammenghi/Desktop/2nd_semester/robotics/projects/ros/my_ros2_project/src/room_explorer/build/room_explorer/launch/s1.launch -> /Users/carlofiammenghi/Desktop/2nd_semester/robotics/projects/ros/my_ros2_project/src/room_explorer/install/room_explorer/share/room_explorer/launch
symbolically linking /Users/carlofiammenghi/Desktop/2nd_semester/robotics/projects/ros/my_ros2_project/src/room_explorer/build/room_explorer/launch/teleop_linux.launch -> /Users/carlofiammenghi/Desktop/2nd_semester/robotics/projects/ros/my_ros2_project/src/room_explorer/install/room_explorer/share/room_explorer/launch
symbolically linking /Users/carlofiammenghi/Desktop/2nd_semester/robotics/projects/ros/my_ros2_project/src/room_explorer/build/room_explorer/launch/main.launch -> /Users/carlofiammenghi/Desktop/2nd_semester/robotics/projects/ros/my_ros2_project/src/room_explorer/install/room_explorer/share/room_explorer/launch
creating /Users/carlofiammenghi/Desktop/2nd_semester/robotics/projects/ros/my_ros2_project/src/room_explorer/install/room_explorer/share/room_explorer/config
symbolically linking /Users/carlofiammenghi/Desktop/2nd_semester/robotics/projects/ros/my_ros2_project/src/room_explorer/build/room_explorer/config/rm_camera_calibration_360.yaml -> /Users/carlofiammenghi/Desktop/2nd_semester/robotics/projects/ros/my_ros2_project/src/room_explorer/install/room_explorer/share/room_explorer/config
symbolically linking /Users/carlofiammenghi/Desktop/2nd_semester/robotics/projects/ros/my_ros2_project/src/room_explorer/build/room_explorer/config/rm_camera_calibration_540_simulation.yaml -> /Users/carlofiammenghi/Desktop/2nd_semester/robotics/projects/ros/my_ros2_project/src/room_explorer/install/room_explorer/share/room_explorer/config
symbolically linking /Users/carlofiammenghi/Desktop/2nd_semester/robotics/projects/ros/my_ros2_project/src/room_explorer/build/room_explorer/config/rm_camera_calibration_540.yaml -> /Users/carlofiammenghi/Desktop/2nd_semester/robotics/projects/ros/my_ros2_project/src/room_explorer/install/room_explorer/share/room_explorer/config
symbolically linking /Users/carlofiammenghi/Desktop/2nd_semester/robotics/projects/ros/my_ros2_project/src/room_explorer/build/room_explorer/config/rm_camera_calibration_720.yaml -> /Users/carlofiammenghi/Desktop/2nd_semester/robotics/projects/ros/my_ros2_project/src/room_explorer/install/room_explorer/share/room_explorer/config
symbolically linking /Users/carlofiammenghi/Desktop/2nd_semester/robotics/projects/ros/my_ros2_project/src/room_explorer/build/room_explorer/config/nav2_params.yaml -> /Users/carlofiammenghi/Desktop/2nd_semester/robotics/projects/ros/my_ros2_project/src/room_explorer/install/room_explorer/share/room_explorer/config
symbolically linking /Users/carlofiammenghi/Desktop/2nd_semester/robotics/projects/ros/my_ros2_project/src/room_explorer/build/room_explorer/config/joy_config_ep.yaml -> /Users/carlofiammenghi/Desktop/2nd_semester/robotics/projects/ros/my_ros2_project/src/room_explorer/install/room_explorer/share/room_explorer/config
symbolically linking /Users/carlofiammenghi/Desktop/2nd_semester/robotics/projects/ros/my_ros2_project/src/room_explorer/build/room_explorer/config/rm_camera_calibration_720_simulation.yaml -> /Users/carlofiammenghi/Desktop/2nd_semester/robotics/projects/ros/my_ros2_project/src/room_explorer/install/room_explorer/share/room_explorer/config
symbolically linking /Users/carlofiammenghi/Desktop/2nd_semester/robotics/projects/ros/my_ros2_project/src/room_explorer/build/room_explorer/config/mappa_casa.yaml -> /Users/carlofiammenghi/Desktop/2nd_semester/robotics/projects/ros/my_ros2_project/src/room_explorer/install/room_explorer/share/room_explorer/config
symbolically linking /Users/carlofiammenghi/Desktop/2nd_semester/robotics/projects/ros/my_ros2_project/src/room_explorer/build/room_explorer/config/rm_camera_calibration_360_simulation.yaml -> /Users/carlofiammenghi/Desktop/2nd_semester/robotics/projects/ros/my_ros2_project/src/room_explorer/install/room_explorer/share/room_explorer/config
symbolically linking /Users/carlofiammenghi/Desktop/2nd_semester/robotics/projects/ros/my_ros2_project/src/room_explorer/build/room_explorer/config/joy_config_s1.yaml -> /Users/carlofiammenghi/Desktop/2nd_semester/robotics/projects/ros/my_ros2_project/src/room_explorer/install/room_explorer/share/room_explorer/config
symbolically linking /Users/carlofiammenghi/Desktop/2nd_semester/robotics/projects/ros/my_ros2_project/src/room_explorer/build/room_explorer/config/mappa_casa.pgm -> /Users/carlofiammenghi/Desktop/2nd_semester/robotics/projects/ros/my_ros2_project/src/room_explorer/install/room_explorer/share/room_explorer/config
symbolically linking /Users/carlofiammenghi/Desktop/2nd_semester/robotics/projects/ros/my_ros2_project/src/room_explorer/build/room_explorer/config/servos.yaml -> /Users/carlofiammenghi/Desktop/2nd_semester/robotics/projects/ros/my_ros2_project/src/room_explorer/install/room_explorer/share/room_explorer/config
