[0.879s] Invoking command in '/Users/carlofiammenghi/Desktop/2nd_semester/robotics/projects/ros/my_ros2_project/src/room_explorer/build/room_explorer': CONDA_PROMPT_MODIFIER=(base) PIXI_PROMPT=(my_ros2_project) PYTHONPATH=/Users/carlofiammenghi/Desktop/2nd_semester/robotics/projects/ros/my_ros2_project/src/room_explorer/build/room_explorer/prefix_override:/Users/carlofiammenghi/Desktop/2nd_semester/robotics/projects/ros/my_ros2_project/.pixi/envs/default/lib/python3.10/site-packages/colcon_core/task/python/colcon_distutils_commands:/Users/carlofiammenghi/Desktop/2nd_semester/robotics/projects/ros/my_ros2_project/src/room_explorer/install/room_explorer/lib/python3.10/site-packages:${PYTHONPATH} SHLVL=3 _=/usr/bin/env /Users/carlofiammenghi/Desktop/2nd_semester/robotics/projects/ros/my_ros2_project/.pixi/envs/default/bin/python3.10 -W ignore:setup.py install is deprecated -W ignore:easy_install command is deprecated setup.py develop --editable --build-directory /Users/carlofiammenghi/Desktop/2nd_semester/robotics/projects/ros/my_ros2_project/src/room_explorer/build/room_explorer/build --no-deps symlink_data
[1.279s] running develop
[1.621s] running egg_info
[1.621s] creating room_explorer.egg-info
[1.651s] writing room_explorer.egg-info/PKG-INFO
[1.673s] writing dependency_links to room_explorer.egg-info/dependency_links.txt
[1.737s] writing entry points to room_explorer.egg-info/entry_points.txt
[1.781s] writing requirements to room_explorer.egg-info/requires.txt
[1.802s] writing top-level names to room_explorer.egg-info/top_level.txt
[1.803s] writing manifest file 'room_explorer.egg-info/SOURCES.txt'
[1.838s] reading manifest file 'room_explorer.egg-info/SOURCES.txt'
[1.839s] writing manifest file 'room_explorer.egg-info/SOURCES.txt'
[1.871s] running build_ext
[1.871s] Creating /Users/carlofiammenghi/Desktop/2nd_semester/robotics/projects/ros/my_ros2_project/src/room_explorer/install/room_explorer/lib/python3.10/site-packages/room-explorer.egg-link (link to .)
[1.871s] Installing connect script to /Users/carlofiammenghi/Desktop/2nd_semester/robotics/projects/ros/my_ros2_project/src/room_explorer/install/room_explorer/lib/room_explorer
[1.871s] Installing coppeliasim_odom script to /Users/carlofiammenghi/Desktop/2nd_semester/robotics/projects/ros/my_ros2_project/src/room_explorer/install/room_explorer/lib/room_explorer
[1.872s] Installing discover script to /Users/carlofiammenghi/Desktop/2nd_semester/robotics/projects/ros/my_ros2_project/src/room_explorer/install/room_explorer/lib/room_explorer
[1.872s] Installing display_battery script to /Users/carlofiammenghi/Desktop/2nd_semester/robotics/projects/ros/my_ros2_project/src/room_explorer/install/room_explorer/lib/room_explorer
[1.872s] Installing h264_decoder script to /Users/carlofiammenghi/Desktop/2nd_semester/robotics/projects/ros/my_ros2_project/src/room_explorer/install/room_explorer/lib/room_explorer
[1.872s] Installing lidar_bridge script to /Users/carlofiammenghi/Desktop/2nd_semester/robotics/projects/ros/my_ros2_project/src/room_explorer/install/room_explorer/lib/room_explorer
[1.872s] Installing play_audio script to /Users/carlofiammenghi/Desktop/2nd_semester/robotics/projects/ros/my_ros2_project/src/room_explorer/install/room_explorer/lib/room_explorer
[1.872s] Installing play_opus script to /Users/carlofiammenghi/Desktop/2nd_semester/robotics/projects/ros/my_ros2_project/src/room_explorer/install/room_explorer/lib/room_explorer
[1.872s] Installing robomaster_driver script to /Users/carlofiammenghi/Desktop/2nd_semester/robotics/projects/ros/my_ros2_project/src/room_explorer/install/room_explorer/lib/room_explorer
[1.872s] Installing room_explorer_node script to /Users/carlofiammenghi/Desktop/2nd_semester/robotics/projects/ros/my_ros2_project/src/room_explorer/install/room_explorer/lib/room_explorer
[1.872s] 
[1.872s] Installed /Users/carlofiammenghi/Desktop/2nd_semester/robotics/projects/ros/my_ros2_project/src/room_explorer/build/room_explorer
[1.872s] running symlink_data
[1.872s] creating /Users/carlofiammenghi/Desktop/2nd_semester/robotics/projects/ros/my_ros2_project/src/room_explorer/install/room_explorer/share/ament_index
[1.873s] creating /Users/carlofiammenghi/Desktop/2nd_semester/robotics/projects/ros/my_ros2_project/src/room_explorer/install/room_explorer/share/ament_index/resource_index
[1.873s] creating /Users/carlofiammenghi/Desktop/2nd_semester/robotics/projects/ros/my_ros2_project/src/room_explorer/install/room_explorer/share/ament_index/resource_index/packages
[1.873s] symbolically linking /Users/carlofiammenghi/Desktop/2nd_semester/robotics/projects/ros/my_ros2_project/src/room_explorer/build/room_explorer/resource/room_explorer -> /Users/carlofiammenghi/Desktop/2nd_semester/robotics/projects/ros/my_ros2_project/src/room_explorer/install/room_explorer/share/ament_index/resource_index/packages
[1.873s] symbolically linking /Users/carlofiammenghi/Desktop/2nd_semester/robotics/projects/ros/my_ros2_project/src/room_explorer/build/room_explorer/package.xml -> /Users/carlofiammenghi/Desktop/2nd_semester/robotics/projects/ros/my_ros2_project/src/room_explorer/install/room_explorer/share/room_explorer
[1.873s] creating /Users/carlofiammenghi/Desktop/2nd_semester/robotics/projects/ros/my_ros2_project/src/room_explorer/install/room_explorer/share/room_explorer/launch
[1.873s] symbolically linking /Users/carlofiammenghi/Desktop/2nd_semester/robotics/projects/ros/my_ros2_project/src/room_explorer/build/room_explorer/launch/ep_nav2.launch.py -> /Users/carlofiammenghi/Desktop/2nd_semester/robotics/projects/ros/my_ros2_project/src/room_explorer/install/room_explorer/share/room_explorer/launch
[1.873s] symbolically linking /Users/carlofiammenghi/Desktop/2nd_semester/robotics/projects/ros/my_ros2_project/src/room_explorer/build/room_explorer/launch/teleop.launch -> /Users/carlofiammenghi/Desktop/2nd_semester/robotics/projects/ros/my_ros2_project/src/room_explorer/install/room_explorer/share/room_explorer/launch
[1.873s] symbolically linking /Users/carlofiammenghi/Desktop/2nd_semester/robotics/projects/ros/my_ros2_project/src/room_explorer/build/room_explorer/launch/ep.launch -> /Users/carlofiammenghi/Desktop/2nd_semester/robotics/projects/ros/my_ros2_project/src/room_explorer/install/room_explorer/share/room_explorer/launch
[1.873s] symbolically linking /Users/carlofiammenghi/Desktop/2nd_semester/robotics/projects/ros/my_ros2_project/src/room_explorer/build/room_explorer/launch/ep_tof.launch.xml -> /Users/carlofiammenghi/Desktop/2nd_semester/robotics/projects/ros/my_ros2_project/src/room_explorer/install/room_explorer/share/room_explorer/launch
[1.873s] symbolically linking /Users/carlofiammenghi/Desktop/2nd_semester/robotics/projects/ros/my_ros2_project/src/room_explorer/build/room_explorer/launch/ep_lidar_mapping.launch.py -> /Users/carlofiammenghi/Desktop/2nd_semester/robotics/projects/ros/my_ros2_project/src/room_explorer/install/room_explorer/share/room_explorer/launch
[1.873s] symbolically linking /Users/carlofiammenghi/Desktop/2nd_semester/robotics/projects/ros/my_ros2_project/src/room_explorer/build/room_explorer/launch/mapping_ema.launch.py -> /Users/carlofiammenghi/Desktop/2nd_semester/robotics/projects/ros/my_ros2_project/src/room_explorer/install/room_explorer/share/room_explorer/launch
[1.873s] symbolically linking /Users/carlofiammenghi/Desktop/2nd_semester/robotics/projects/ros/my_ros2_project/src/room_explorer/build/room_explorer/launch/decoder.launch -> /Users/carlofiammenghi/Desktop/2nd_semester/robotics/projects/ros/my_ros2_project/src/room_explorer/install/room_explorer/share/room_explorer/launch
[1.873s] symbolically linking /Users/carlofiammenghi/Desktop/2nd_semester/robotics/projects/ros/my_ros2_project/src/room_explorer/build/room_explorer/launch/camera.launch -> /Users/carlofiammenghi/Desktop/2nd_semester/robotics/projects/ros/my_ros2_project/src/room_explorer/install/room_explorer/share/room_explorer/launch
[1.873s] symbolically linking /Users/carlofiammenghi/Desktop/2nd_semester/robotics/projects/ros/my_ros2_project/src/room_explorer/build/room_explorer/launch/s1.launch -> /Users/carlofiammenghi/Desktop/2nd_semester/robotics/projects/ros/my_ros2_project/src/room_explorer/install/room_explorer/share/room_explorer/launch
[1.873s] symbolically linking /Users/carlofiammenghi/Desktop/2nd_semester/robotics/projects/ros/my_ros2_project/src/room_explorer/build/room_explorer/launch/teleop_linux.launch -> /Users/carlofiammenghi/Desktop/2nd_semester/robotics/projects/ros/my_ros2_project/src/room_explorer/install/room_explorer/share/room_explorer/launch
[1.873s] symbolically linking /Users/carlofiammenghi/Desktop/2nd_semester/robotics/projects/ros/my_ros2_project/src/room_explorer/build/room_explorer/launch/main.launch -> /Users/carlofiammenghi/Desktop/2nd_semester/robotics/projects/ros/my_ros2_project/src/room_explorer/install/room_explorer/share/room_explorer/launch
[1.873s] creating /Users/carlofiammenghi/Desktop/2nd_semester/robotics/projects/ros/my_ros2_project/src/room_explorer/install/room_explorer/share/room_explorer/config
[1.873s] symbolically linking /Users/carlofiammenghi/Desktop/2nd_semester/robotics/projects/ros/my_ros2_project/src/room_explorer/build/room_explorer/config/rm_camera_calibration_360.yaml -> /Users/carlofiammenghi/Desktop/2nd_semester/robotics/projects/ros/my_ros2_project/src/room_explorer/install/room_explorer/share/room_explorer/config
[1.874s] symbolically linking /Users/carlofiammenghi/Desktop/2nd_semester/robotics/projects/ros/my_ros2_project/src/room_explorer/build/room_explorer/config/rm_camera_calibration_540_simulation.yaml -> /Users/carlofiammenghi/Desktop/2nd_semester/robotics/projects/ros/my_ros2_project/src/room_explorer/install/room_explorer/share/room_explorer/config
[1.874s] symbolically linking /Users/carlofiammenghi/Desktop/2nd_semester/robotics/projects/ros/my_ros2_project/src/room_explorer/build/room_explorer/config/rm_camera_calibration_540.yaml -> /Users/carlofiammenghi/Desktop/2nd_semester/robotics/projects/ros/my_ros2_project/src/room_explorer/install/room_explorer/share/room_explorer/config
[1.874s] symbolically linking /Users/carlofiammenghi/Desktop/2nd_semester/robotics/projects/ros/my_ros2_project/src/room_explorer/build/room_explorer/config/rm_camera_calibration_720.yaml -> /Users/carlofiammenghi/Desktop/2nd_semester/robotics/projects/ros/my_ros2_project/src/room_explorer/install/room_explorer/share/room_explorer/config
[1.874s] symbolically linking /Users/carlofiammenghi/Desktop/2nd_semester/robotics/projects/ros/my_ros2_project/src/room_explorer/build/room_explorer/config/nav2_params.yaml -> /Users/carlofiammenghi/Desktop/2nd_semester/robotics/projects/ros/my_ros2_project/src/room_explorer/install/room_explorer/share/room_explorer/config
[1.874s] symbolically linking /Users/carlofiammenghi/Desktop/2nd_semester/robotics/projects/ros/my_ros2_project/src/room_explorer/build/room_explorer/config/joy_config_ep.yaml -> /Users/carlofiammenghi/Desktop/2nd_semester/robotics/projects/ros/my_ros2_project/src/room_explorer/install/room_explorer/share/room_explorer/config
[1.874s] symbolically linking /Users/carlofiammenghi/Desktop/2nd_semester/robotics/projects/ros/my_ros2_project/src/room_explorer/build/room_explorer/config/rm_camera_calibration_720_simulation.yaml -> /Users/carlofiammenghi/Desktop/2nd_semester/robotics/projects/ros/my_ros2_project/src/room_explorer/install/room_explorer/share/room_explorer/config
[1.874s] symbolically linking /Users/carlofiammenghi/Desktop/2nd_semester/robotics/projects/ros/my_ros2_project/src/room_explorer/build/room_explorer/config/mappa_casa.yaml -> /Users/carlofiammenghi/Desktop/2nd_semester/robotics/projects/ros/my_ros2_project/src/room_explorer/install/room_explorer/share/room_explorer/config
[1.874s] symbolically linking /Users/carlofiammenghi/Desktop/2nd_semester/robotics/projects/ros/my_ros2_project/src/room_explorer/build/room_explorer/config/rm_camera_calibration_360_simulation.yaml -> /Users/carlofiammenghi/Desktop/2nd_semester/robotics/projects/ros/my_ros2_project/src/room_explorer/install/room_explorer/share/room_explorer/config
[1.874s] symbolically linking /Users/carlofiammenghi/Desktop/2nd_semester/robotics/projects/ros/my_ros2_project/src/room_explorer/build/room_explorer/config/joy_config_s1.yaml -> /Users/carlofiammenghi/Desktop/2nd_semester/robotics/projects/ros/my_ros2_project/src/room_explorer/install/room_explorer/share/room_explorer/config
[1.874s] symbolically linking /Users/carlofiammenghi/Desktop/2nd_semester/robotics/projects/ros/my_ros2_project/src/room_explorer/build/room_explorer/config/mappa_casa.pgm -> /Users/carlofiammenghi/Desktop/2nd_semester/robotics/projects/ros/my_ros2_project/src/room_explorer/install/room_explorer/share/room_explorer/config
[1.874s] symbolically linking /Users/carlofiammenghi/Desktop/2nd_semester/robotics/projects/ros/my_ros2_project/src/room_explorer/build/room_explorer/config/servos.yaml -> /Users/carlofiammenghi/Desktop/2nd_semester/robotics/projects/ros/my_ros2_project/src/room_explorer/install/room_explorer/share/room_explorer/config
[1.889s] Invoked command in '/Users/carlofiammenghi/Desktop/2nd_semester/robotics/projects/ros/my_ros2_project/src/room_explorer/build/room_explorer' returned '0': CONDA_PROMPT_MODIFIER=(base) PIXI_PROMPT=(my_ros2_project) PYTHONPATH=/Users/carlofiammenghi/Desktop/2nd_semester/robotics/projects/ros/my_ros2_project/src/room_explorer/build/room_explorer/prefix_override:/Users/carlofiammenghi/Desktop/2nd_semester/robotics/projects/ros/my_ros2_project/.pixi/envs/default/lib/python3.10/site-packages/colcon_core/task/python/colcon_distutils_commands:/Users/carlofiammenghi/Desktop/2nd_semester/robotics/projects/ros/my_ros2_project/src/room_explorer/install/room_explorer/lib/python3.10/site-packages:${PYTHONPATH} SHLVL=3 _=/usr/bin/env /Users/carlofiammenghi/Desktop/2nd_semester/robotics/projects/ros/my_ros2_project/.pixi/envs/default/bin/python3.10 -W ignore:setup.py install is deprecated -W ignore:easy_install command is deprecated setup.py develop --editable --build-directory /Users/carlofiammenghi/Desktop/2nd_semester/robotics/projects/ros/my_ros2_project/src/room_explorer/build/room_explorer/build --no-deps symlink_data
